Raw input: 
Parsed data: 
Error: 'punkty_druzyny' key not found in data
Raw input: {"punkty_druzyny":[0,2,0,0]}
Parsed data: Array
(
    [punkty_druzyny] => Array
        (
            [0] => 0
            [1] => 2
            [2] => 0
            [3] => 0
        )

)

Raw input: 
Parsed data: 
Error: 'punkty_druzyny' key not found in data
Raw input: {"punkty_druzyny":[0,5,0,0]}
Parsed data: Array
(
    [punkty_druzyny] => Array
        (
            [0] => 0
            [1] => 5
            [2] => 0
            [3] => 0
        )

)

Raw input: 
Parsed data: 
Error: 'punkty_druzyny' key not found in data
Raw input: {"punkty_druzyny":[0,5,1,0]}
Parsed data: Array
(
    [punkty_druzyny] => Array
        (
            [0] => 0
            [1] => 5
            [2] => 1
            [3] => 0
        )

)

